DEBUG:root:Add: 3 + 4 = 7
DEBUG:root:Add: 10 + 8 = 18
2018-08-08 16:36:48,512:DEBUG:Add: 10 + 8 = 18
